// Jest Snapshot v1, https://goo.gl/fbAQLP

exports[`Pruebas en <TodoList /> Debe mostrarse correctamente 1`] = `
<ul
  className="list-group list-group-flush"
>
  <TodoListItem
    handleDeletion={[MockFunction]}
    handleToggle={[MockFunction]}
    index={0}
    key="1"
    todo={
      Object {
        "done": false,
        "id": 1,
        "task": "Aprender React",
      }
    }
  />
  <TodoListItem
    handleDeletion={[MockFunction]}
    handleToggle={[MockFunction]}
    index={1}
    key="2"
    todo={
      Object {
        "done": false,
        "id": 2,
        "task": "Aprender Mongo",
      }
    }
  />
</ul>
`;
